Обновление системы 
lena@lena:~$ sudo apt update
[sudo] password for lena: 
Игн:1 https://download.doker.com/linux/ubuntu jammy InRelease                  
Игн:2 https://download.docker.com/linux/ubuntu jammy InRelease                 
Игн:1 https://download.doker.com/linux/ubuntu jammy InRelease                  
Игн:2 https://download.docker.com/linux/ubuntu jammy InRelease                 
Игн:1 https://download.doker.com/linux/ubuntu jammy InRelease                  
Игн:2 https://download.docker.com/linux/ubuntu jammy InRelease                 
Ошб:1 https://download.doker.com/linux/ubuntu jammy InRelease                  
  Не удалось разрешить «download.doker.com»
Ошб:2 https://download.docker.com/linux/ubuntu jammy InRelease                 
  Временная ошибка при разрешении «download.docker.com»
Игн:3 http://security.ubuntu.com/ubuntu jammy-security InRelease               
Игн:4 http://ru.archive.ubuntu.com/ubuntu jammy InRelease                      
Игн:5 http://ru.archive.ubuntu.com/ubuntu jammy-updates InRelease 
Игн:6 http://ru.archive.ubuntu.com/ubuntu jammy-backports InRelease
Игн:3 http://security.ubuntu.com/ubuntu jammy-security InRelease  
Игн:4 http://ru.archive.ubuntu.com/ubuntu jammy InRelease
Игн:5 http://ru.archive.ubuntu.com/ubuntu jammy-updates InRelease
Игн:6 http://ru.archive.ubuntu.com/ubuntu jammy-backports InRelease
Игн:3 http://security.ubuntu.com/ubuntu jammy-security InRelease
Игн:4 http://ru.archive.ubuntu.com/ubuntu jammy InRelease
Игн:5 http://ru.archive.ubuntu.com/ubuntu jammy-updates InRelease
Игн:6 http://ru.archive.ubuntu.com/ubuntu jammy-backports InRelease
Ошб:3 http://security.ubuntu.com/ubuntu jammy-security InRelease
  Невозможно инициализировать соединение с security.ubuntu.com:80 (2620:2d:4000:1::103). - connect (101: Network is unreachable) Невозможно инициализировать соединение с security.ubuntu.com:80 (2620:2d:4002:1::103). - connect (101: Network is unreachable) Невозможно инициализировать соединение с security.ubuntu.com:80 (2620:2d:4002:1::101). - connect (101: Network is unreachable) Невозможно инициализировать соединение с security.ubuntu.com:80 (2620:2d:4000:1::102). - connect (101: Network is unreachable) Невозможно инициализировать соединение с security.ubuntu.com:80 (2620:2d:4000:1::101). - connect (101: Network is unreachable) Не удалось соединиться с security.ubuntu.com:80 (185.125.190.81): время ожидания для соединения истекло Не удалось соединиться с security.ubuntu.com:80 (91.189.91.81): время ожидания для соединения истекло Не удалось соединиться с security.ubuntu.com:80 (91.189.91.83): время ожидания для соединения истекло Не удалось соединиться с security.ubuntu.com:80 (185.125.190.83): время ожидания для соединения истекло Не удалось соединиться с security.ubuntu.com:80 (185.125.190.82): время ожидания для соединения истекло
Ошб:4 http://ru.archive.ubuntu.com/ubuntu jammy InRelease
  Невозможно инициализировать соединение с ru.archive.ubuntu.com:80 (2a02:6b8::183). - connect (101: Network is unreachable) Не удалось соединиться с ru.archive.ubuntu.com:80 (213.180.204.183): время ожидания для соединения истекло
Ошб:5 http://ru.archive.ubuntu.com/ubuntu jammy-updates InRelease
  Невозможно инициализировать соединение с ru.archive.ubuntu.com:80 (2a02:6b8::183). - connect (101: Network is unreachable)
Ошб:6 http://ru.archive.ubuntu.com/ubuntu jammy-backports InRelease
  Невозможно инициализировать соединение с ru.archive.ubuntu.com:80 (2a02:6b8::183). - connect (101: Network is unreachable)
Чтение списков пакетов… Готово
Построение дерева зависимостей… Готово
Чтение информации о состоянии… Готово         
Может быть обновлено 80 пакетов. Запустите «apt list --upgradable» для их показа.
W: Не удалось получить http://ru.archive.ubuntu.com/ubuntu/dists/jammy/InRelease  Невозможно инициализировать соединение с ru.archive.ubuntu.com:80 (2a02:6b8::183). - connect (101: Network is unreachable) Не удалось соединиться с ru.archive.ubuntu.com:80 (213.180.204.183): время ожидания для соединения истекло
W: Не удалось получить http://ru.archive.ubuntu.com/ubuntu/dists/jammy-updates/InRelease  Невозможно инициализировать соединение с ru.archive.ubuntu.com:80 (2a02:6b8::183). - connect (101: Network is unreachable)
W: Не удалось получить http://ru.archive.ubuntu.com/ubuntu/dists/jammy-backports/InRelease  Невозможно инициализировать соединение с ru.archive.ubuntu.com:80 (2a02:6b8::183). - connect (101: Network is unreachable)
W: Не удалось получить http://security.ubuntu.com/ubuntu/dists/jammy-security/InRelease  Невозможно инициализировать соединение с security.ubuntu.com:80 (2620:2d:4000:1::103). - connect (101: Network is unreachable) Невозможно инициализировать соединение с security.ubuntu.com:80 (2620:2d:4002:1::103). - connect (101: Network is unreachable) Невозможно инициализировать соединение с security.ubuntu.com:80 (2620:2d:4002:1::101). - connect (101: Network is unreachable) Невозможно инициализировать соединение с security.ubuntu.com:80 (2620:2d:4000:1::102). - connect (101: Network is unreachable) Невозможно инициализировать соединение с security.ubuntu.com:80 (2620:2d:4000:1::101). - connect (101: Network is unreachable) Не удалось соединиться с security.ubuntu.com:80 (185.125.190.81): время ожидания для соединения истекло Не удалось соединиться с security.ubuntu.com:80 (91.189.91.81): время ожидания для соединения истекло Не удалось соединиться с security.ubuntu.com:80 (91.189.91.83): время ожидания для соединения истекло Не удалось соединиться с security.ubuntu.com:80 (185.125.190.83): время ожидания для соединения истекло Не удалось соединиться с security.ubuntu.com:80 (185.125.190.82): время ожидания для соединения истекло
W: Не удалось получить https://download.docker.com/linux/ubuntu/dists/jammy/InRelease  Временная ошибка при разрешении «download.docker.com»
W: Не удалось получить https://download.doker.com/linux/ubuntu/dists/jammy/InRelease  Не удалось разрешить «download.doker.com»
W: Некоторые индексные файлы скачать не удалось. Они были проигнорированы, или вместо них были использованы старые версии.
Установка ультилиты
lena@lena:~$ sudo apt install mdadm
Чтение списков пакетов… Готово
Построение дерева зависимостей… Готово
Чтение информации о состоянии… Готово         
Уже установлен пакет mdadm самой новой версии (4.2-0ubuntu2).
mdadm помечен как установленный вручную.
Обновлено 0 пакетов, установлено 0 новых пакетов, для удаления отмечено 0 пакетов, и 80 пакетов не обновлено.

Проверяем диски
lena@lena:~$ sudo lsblk -f
[sudo] password for lena: 
NAME FSTYPE FSVER LABEL UUID                                   FSAVAIL FSUSE% MOUNTPOINTS
loop0
     squash 4.0                                                      0   100% /snap/core20/2434
loop1
     squash 4.0                                                      0   100% /snap/core20/2501
loop2
     squash 4.0                                                      0   100% /snap/lxd/27037
loop3
     squash 4.0                                                      0   100% /snap/lxd/31333
loop4
     squash 4.0                                                      0   100% /snap/snapd/20671
loop5
     squash 4.0                                                      0   100% /snap/snapd/23545
sda                                                                           
├─sda1
│                                                                             
├─sda2
│    ext4   1.0         007700e8-d50f-4f85-bcf1-99217fe352c4      1,5G    13% /boot
└─sda3
     LVM2_m LVM2        v0iXmp-mqi0-w1Eo-sdlR-Uvb6-q1uW-sCCNcd                
  └─ubuntu--vg-ubuntu--lv
     ext4   1.0         31be7ce7-9c6a-45a6-846e-d10bee1f1198        3G    68% /
sdb                                                                           
├─sdb1
│    ext4   1.0         909f5b35-6e97-4830-a704-ddbed34c2858      1,8G     0% /mnt/ext4
└─sdb2
     xfs                81f49add-2163-4211-af9b-5631090efd7c      2,9G     2% /mnt/xfs
sdc                                                                           
├─sdc1
│    btrfs              35fbfb8d-1725-4a7c-8051-04260011f11d      1,8G     0% /mnt/btrfs
└─sdc2
     ext2   1.0         0d0e3a15-b1fa-44d3-8dc0-d6c10e528095      2,8G     0% /mnt/ext2
sdd                                                                           
sde                                                                           
sr0           

Устанавливаем рейд линукс
lena@lena:~$ sudo gdisk /dev/sdd
GPT fdisk (gdisk) version 1.0.8

Partition table scan:
  MBR: not present
  BSD: not present
  APM: not present
  GPT: not present

Creating new GPT entries in memory.

Command (? for help): o
This option deletes all partitions and creates a new protective MBR.
Proceed? (Y/N): y

Command (? for help): n
Partition number (1-128, default 1): 
First sector (34-10485726, default = 2048) or {+-}size{KMGTP}: 
Last sector (2048-10485726, default = 10485726) or {+-}size{KMGTP}: 
Current type is 8300 (Linux filesystem)
Hex code or GUID (L to show codes, Enter = 8300): fd00
Changed type of partition to 'Linux RAID'

Command (? for help): w

Final checks complete. About to write GPT data. THIS WILL OVERWRITE EXISTING
PARTITIONS!!

Do you want to proceed? (Y/N): y
OK; writing new GUID partition table (GPT) to /dev/sdd.
The operation has completed successfully.

lena@lena:~$ sudo gdisk /dev/sde
GPT fdisk (gdisk) version 1.0.8

Partition table scan:
  MBR: not present
  BSD: not present
  APM: not present
  GPT: not present

Creating new GPT entries in memory.

Command (? for help): o
This option deletes all partitions and creates a new protective MBR.
Proceed? (Y/N): n

Command (? for help): o
This option deletes all partitions and creates a new protective MBR.
Proceed? (Y/N): y

Command (? for help): n
Partition number (1-128, default 1): 
First sector (34-10485726, default = 2048) or {+-}size{KMGTP}: 
Last sector (2048-10485726, default = 10485726) or {+-}size{KMGTP}: 
Current type is 8300 (Linux filesystem)
Hex code or GUID (L to show codes, Enter = 8300): fd00
Changed type of partition to 'Linux RAID'

Command (? for help): w

Final checks complete. About to write GPT data. THIS WILL OVERWRITE EXISTING
PARTITIONS!!

Do you want to proceed? (Y/N): y
OK; writing new GUID partition table (GPT) to /dev/sde.
The operation has completed successfully.
Проверка дисков
sdd                                                                           
└─sdd1
                                                                              
sde                                                                           
└─sde1
               

lena@lena:~$ sudo fdisk -l | less

Disk /dev/sdb: 5 GiB, 5368709120 bytes, 10485760 sectors
Disk model: VBOX HARDDISK   
Units: sectors of 1 * 512 = 512 bytes
Sector size (logical/physical): 512 bytes / 512 bytes
I/O size (minimum/optimal): 512 bytes / 512 bytes
Disklabel type: gpt
Disk identifier: 953112C3-65C9-436E-BE35-4AEBF5362411

Device       Start      End Sectors Size Type
/dev/sdb1       34  4194304 4194271   2G Linux filesystem
/dev/sdb2  4194306 10485726 6291421   3G Linux filesystem


Disk /dev/sdc: 5 GiB, 5368709120 bytes, 10485760 sectors
Disk model: VBOX HARDDISK   
Units: sectors of 1 * 512 = 512 bytes
Sector size (logical/physical): 512 bytes / 512 bytes
I/O size (minimum/optimal): 512 bytes / 512 bytes
Disklabel type: gpt
Disk identifier: F0ADDF69-3313-4A11-970B-801714ED425E

Устанавливаем имя на 2 raid 
lena@lena:~$ sudo mdadm --create --verbose /dev/md0 --level=1 --raid-device=2 /dev/sdd1 /dev/sde1
mdadm: Note: this array has metadata at the start and
    may not be suitable as a boot device.  If you plan to
    store '/boot' on this device please ensure that
    your boot-loader understands md/v1.x metadata, or use
    --metadata=0.90
mdadm: size set to 5236672K
Continue creating array? y
mdadm: Defaulting to version 1.2 metadata
mdadm: array /dev/md0 started.

Проверяем статистику
lena@lena:~$ cat /proc/mdstat
Personalities : [linear] [multipath] [raid0] [raid1] [raid6] [raid5] [raid4] [raid10] 
md0 : active raid1 sde1[1] sdd1[0]
      5236672 blocks super 1.2 [2/2] [UU]
      
unused devices: <none>
Every 2,0s: cat /proc/mdstat                      lena: Thu May 22 06:21:32 2025

Personalities : [linear] [multipath] [raid0] [raid1] [raid6] [raid5] [raid4] [ra
id10]
md0 : active raid1 sde1[1] sdd1[0]
      5236672 blocks super 1.2 [2/2] [UU]

unused devices: <none>


Добавляем сканирование статистики 

lena@lena:~$ sudo mdadm --detail --scan --verbose 
ARRAY /dev/md0 level=raid1 num-devices=2 metadata=1.2 name=lena:0 UUID=6747ca1a:2de921c6:ae9be939:6e63e5de
   devices=/dev/sdd1,/dev/sde1

Работаем в режиме суперпользователя
lena@lena:~$ sudo -s
root@lena:/home/lena# cat /etc/mdadm/mdadm.conf
# mdadm.conf
#
# !NB! Run update-initramfs -u after updating this file.
# !NB! This will ensure that initramfs has an uptodate copy.
#
# Please refer to mdadm.conf(5) for information about this file.
#

# by default (built-in), scan all partitions (/proc/partitions) and all
# containers for MD superblocks. alternatively, specify devices to scan, using
# wildcards if desired.
#DEVICE partitions containers

# automatically tag new arrays as belonging to the local system
HOMEHOST <system>

# instruct the monitoring daemon where to send mail alerts
MAILADDR root

# definitions of existing MD arrays

# This configuration was auto-generated on Fri, 16 Feb 2024 18:45:30 +0000 by mkconf

Перенаправляем текстовые данные 
root@lena:/home/lena# echo "Diverce partitions">>/etc/mdadm/mdadm.conf
lena@lena:~$ sudo -s
root@lena:/home/lena# mdadm --detail --scan --verbose | awk '/APRAY/ {print}' >> /etc/mdadm/mdadm.conf
mdadm: Unknown keyword Diverce
root@lena:/home/lena# mdadm --detail --scan --verbose | awk '/APRAY/ {print}' >> /etc/mdadm/mdadm.conf
mdadm: Unknown keyword Diverce
root@lena:/home/lena# vim /etc/mdadm/mdadm.conf 
root@lena:/home/lena# mdadm --detail --scan --verbose | awk '/APRAY/ {print}' >> /etc/mdadm/mdadm.conf
root@lena:/home/lena# nano /etc/mdadm/mdadm.conf
root@lena:/home/lena# fdisk -l | grep md0
Disk /dev/md0: 4,99 GiB, 5362352128 bytes, 10473344 sectors
root@lena:/home/lena# 
root@lena:/home/lena# gdisk /dev/md0
GPT fdisk (gdisk) version 1.0.8

Partition table scan:
  MBR: not present
  BSD: not present
  APM: not present
  GPT: not present

Creating new GPT entries in memory.

Command (? for help): o
This option deletes all partitions and creates a new protective MBR.
Proceed? (Y/N): y

Command (? for help): n
Partition number (1-128, default 1): 
First sector (34-10473310, default = 2048) or {+-}size{KMGTP}: 
Last sector (2048-10473310, default = 10473310) or {+-}size{KMGTP}: 
Current type is 8300 (Linux filesystem)
Hex code or GUID (L to show codes, Enter = 8300): 
Changed type of partition to 'Linux filesystem'

Command (? for help): w

Final checks complete. About to write GPT data. THIS WILL OVERWRITE EXISTING
PARTITIONS!!

Do you want to proceed? (Y/N): y
OK; writing new GUID partition table (GPT) to /dev/md0.
The operation has completed successfully.
root@lena:/home/lena# 

root@lena:/home/lena# lsblk
NAME                      MAJ:MIN RM  SIZE RO TYPE  MOUNTPOINTS
loop0                       7:0    0 63,7M  1 loop  /snap/core20/2434
loop1                       7:1    0 63,8M  1 loop  /snap/core20/2501
loop2                       7:2    0   87M  1 loop  /snap/lxd/27037
loop3                       7:3    0 89,4M  1 loop  /snap/lxd/31333
loop4                       7:4    0 40,4M  1 loop  /snap/snapd/20671
loop5                       7:5    0 44,4M  1 loop  /snap/snapd/23545
sda                         8:0    0   25G  0 disk  
├─sda1                      8:1    0    1M  0 part  
├─sda2                      8:2    0    2G  0 part  /boot
└─sda3                      8:3    0   23G  0 part  
  └─ubuntu--vg-ubuntu--lv 253:0    0 11,5G  0 lvm   /
sdb                         8:16   0    5G  0 disk  
├─sdb1                      8:17   0    2G  0 part  /mnt/ext4
└─sdb2                      8:18   0    3G  0 part  /mnt/xfs
sdc                         8:32   0    5G  0 disk  
├─sdc1                      8:33   0    2G  0 part  /mnt/btrfs
└─sdc2                      8:34   0    3G  0 part  /mnt/ext2
sdd                         8:48   0    5G  0 disk  
└─sdd1                      8:49   0    5G  0 part  
  └─md0                     9:0    0    5G  0 raid1 
    └─md0p1               259:1    0    5G  0 part  
sde                         8:64   0    5G  0 disk  
└─sde1                      8:65   0    5G  0 part  
  └─md0                     9:0    0    5G  0 raid1 
    └─md0p1               259:1    0    5G  0 part  
sr0                        11:0    1 1024M  0 rom   
root@lena:/home/lena# mkfs.ext4 /dev/md0p1
mke2fs 1.46.5 (30-Dec-2021)
Creating filesystem with 1308907 4k blocks and 327680 inodes
Filesystem UUID: 731aaed9-cce1-4588-bc50-17f2ae9d71a4
Superblock backups stored on blocks: 
	32768, 98304, 163840, 229376, 294912, 819200, 884736

Allocating group tables: done                            
Writing inode tables: done                            
Creating journal (16384 blocks): done
Writing superblocks and filesystem accounting information: done 

root@lena:/home/lena# mkdir /Pusik
root@lena:/home/lena# mount /dev/md0p1 /Pusik/
root@lena:/home/lena# ls /Pusik/
lost+found
root@lena:/home/lena# chown lena:lena /Pusik
root@lena:/home/lena# chmod 775 /Pusik/
root@lena:/home/lena# exit
Работа с файлом Установка даты, время работы и т.д
lena@lena:~$ cat > /Pusik/123
dohnoifjk
sdf;lskdnf;'
dsfcvnksd'
lena@lena:~$ uptime > /Pusik/uptime.txt
lena@lena:~$ date > /Pusik/date.txt
lena@lena:~$ stat /Pusik/uptime.txt
  File: /Pusik/uptime.txt
  Size: 63        	Blocks: 8          IO Block: 4096   regular file
Device: 10301h/66305d	Inode: 13          Links: 1
Access: (0664/-rw-rw-r--)  Uid: ( 1000/    lena)   Gid: ( 1000/    lena)
Access: 2025-05-22 06:51:55.796007179 +0000
Modify: 2025-05-22 06:51:55.884007179 +0000
Change: 2025-05-22 06:51:55.884007179 +0000
 Birth: 2025-05-22 06:51:55.796007179 +0000

Проверка
lena@lena:~$ cat /Pusik/date.txt
Чт 22 мая 2025 06:52:12 UTC
lena@lena:~$ cat /Pusik/uptime.txt
 06:51:55 up 49 min,  2 users,  load average: 0,08, 0,07, 0,03
lena@lena:~$ who > /Pusik/who.txt
lena@lena:~$ ls -l
total 4
-rw-r--r-- 1 root root 658 апр 18 09:32 fstab_r
lena@lena:~$ ls -l /Pusik/
total 32
-rw-rw-r-- 1 lena lena    34 мая 22 06:51 123
-rw-rw-r-- 1 lena lena    33 мая 22 06:52 date.txt
drwx------ 2 root root 16384 мая 22 06:47 lost+found
-rw-rw-r-- 1 lena lena    63 мая 22 06:51 uptime.txt
-rw-rw-r-- 1 lena lena    93 мая 22 06:54 who.txt
lena@lena:~$ sudo blkid /dev/md0p1
[sudo] password for lena: 
/dev/md0p1: UUID="731aaed9-cce1-4588-bc50-17f2ae9d71a4" BLOCK_SIZE="4096" TYPE="ext4" PARTLABEL="Linux filesystem" PARTUUID="dce5b3a8-4871-4aec-bd06-d668919077bf"
lena@lena:~$ cat /proc/mdstat
Personalities : [linear] [multipath] [raid0] [raid1] [raid6] [raid5] [raid4] [raid10] 
md0 : active raid1 sde1[1] sdd1[0]
      5236672 blocks super 1.2 [2/2] [UU]
      
unused devices: <none>

Делаем перезагрузку чтобы обновить пакет с ошибочным номером
lena@lena:~$ sudo reboot
lena@lena:~$ Connection to 192.168.16.10 closed by remote host.
Connection to 192.168.16.10 closed.
lena@lena:~$ sudo fdisk -l | grep md
[sudo] password for lena: 
Disk /dev/md127: 4,99 GiB, 5362352128 bytes, 10473344 sectors
/dev/md127p1  2048 10473310 10471263   5G Linux filesystem

Исправление изменений и ошибки


lena@lena:/$ sudo fdisk -l | grep md
Disk /dev/md0: 4,99 GiB, 5362352128 bytes, 10473344 sectors
/dev/md0p1  2048 10473310 10471263   5G Linux filesystem

Передача uuid в fstab и дальнейшее редактрирование 
lena@lena:~$ sudo nano /etc/fstab
[sudo] password for lena: 
lena@lena:~$ blkid /dev/md0p1
/dev/md0p1: UUID="731aaed9-cce1-4588-bc50-17f2ae9d71a4" BLOCK_SIZE="4096" TYPE="ext4" PARTLABEL="Linux filesystem" PARTUUID="dce5b3a8-4871-4aec-bd06-d668919077bf"

root@lena:/home/lena# blkid /dev/md0p1 >> /etc/fstab
/dev/disk/by-id/dm-uuid-LVM-llf6C39pAIYTmKl9TXAwfDdrZ674zeVZfeKSLsXShBXQ2y>
# /boot was on /dev/sda2 during curtin installation
/dev/disk/by-uuid/007700e8-d50f-4f85-bcf1-99217fe352c4 /boot ext4 defaults>
/swap.img       none    swap    sw      0       0
#sdb1
/dev/disk/by-uuid/909f5b35-6e97-4830-a704-ddbed34c2858 /mnt/ext4 ext4 defa>
#Disk/sdb2
/dev/disk/by-uuid/81f49add-2163-4211-af9b-5631090efd7c /mnt/xfs xfs defaul>
#Disk/sdc1
/dev/disk/by-uuid/35fbfb8d-1725-4a7c-8051-04260011f11d /mnt/btrfs btrfs de>
#disk/sdc2
#/dev/disk/by-uuid/0d0e3a15-b1fa-44d3-8dc0-d6c10e528095 /mnt/ext2  ext2 de>
/dev/disk/by-uuid/731aaed9-cce1-4588-bc50-17f2ae9d71a4 /Pusik ext4 default>


lena@lena:~$ cd /Pusik
lena@lena:/Pusik$ ls -a
.  ..  123  date.txt  lost+found  uptime.txt  who.txt
lena@lena:/$ ls -l /Pusik/
total 32
-rw-rw-r-- 1 lena lena    34 мая 22 06:51 123
-rw-rw-r-- 1 lena lena    33 мая 22 06:52 date.txt
drwx------ 2 root root 16384 мая 22 06:47 lost+found
-rw-rw-r-- 1 lena lena    63 мая 22 06:51 uptime.txt
-rw-rw-r-- 1 lena lena    93 мая 22 06:54 who.txt
lena@lena:/$ 

Копирование данных etc в /Pusik
lena@lena:/$ cp -r /etc /Pusik/
cp: cannot open '/etc/cloud/cloud.cfg.d/subiquity-disable-cloudinit-networking.cfg' for reading: Permission denied
cp: cannot open '/etc/cloud/cloud.cfg.d/99-installer.cfg' for reading: Permission denied
cp: cannot access '/etc/dhcp/ddns-keys': Permission denied
cp: cannot open '/etc/iscsi/initiatorname.iscsi' for reading: Permission denied
cp: cannot open '/etc/netplan/00-installer-config.yaml' for reading: Permission denied
cp: cannot access '/etc/polkit-1/localauthority': Permission denied
cp: cannot open '/etc/security/opasswd' for reading: Permission denied
cp: cannot open '/etc/ssh/ssh_host_rsa_key' for reading: Permission denied
cp: cannot open '/etc/ssh/ssh_host_dsa_key' for reading: Permission denied
cp: cannot open '/etc/ssh/ssh_host_ecdsa_key' for reading: Permission denied
cp: cannot open '/etc/ssh/ssh_host_ed25519_key' for reading: Permission denied
cp: cannot access '/etc/ssl/private': Permission denied
cp: cannot open '/etc/sudoers.d/README' for reading: Permission denied
cp: cannot open '/etc/ufw/after.init' for reading: Permission denied
cp: cannot open '/etc/ufw/after.rules' for reading: Permission denied
cp: cannot open '/etc/ufw/after6.rules' for reading: Permission denied
cp: cannot open '/etc/ufw/before.init' for reading: Permission denied
cp: cannot open '/etc/ufw/before.rules' for reading: Permission denied
cp: cannot open '/etc/ufw/before6.rules' for reading: Permission denied
cp: cannot open '/etc/ufw/user.rules' for reading: Permission denied
cp: cannot open '/etc/ufw/user6.rules' for reading: Permission denied
cp: cannot access '/etc/multipath': Permission denied
cp: cannot open '/etc/.pwd.lock' for reading: Permission denied
cp: cannot open '/etc/gshadow-' for reading: Permission denied
cp: cannot open '/etc/shadow-' for reading: Permission denied
cp: cannot open '/etc/sudoers' for reading: Permission denied
cp: cannot open '/etc/shadow' for reading: Permission denied
cp: cannot open '/etc/gshadow' for reading: Permission denied
lena@lena:/$ ls -l /Pusik
total 36
-rw-rw-r--  1 lena lena    34 мая 22 06:51 123
-rw-rw-r--  1 lena lena    33 мая 22 06:52 date.txt
drwxr-xr-x 98 lena lena  4096 мая 23 03:29 etc
drwx------  2 root root 16384 мая 22 06:47 lost+found
-rw-rw-r--  1 lena lena    63 мая 22 06:51 uptime.txt
-rw-rw-r--  1 lena lena    93 мая 22 06:54 who.txt


